// Jest Snapshot v1, https://goo.gl/fbAQLP

exports[`Pruebas en <NoteScreen /> debe de mostrarse correctamente 1`] = `
<div
  className="notes__main-content"
>
  <div
    className=" notes__appbar"
  >
    <span>
       26 de feb 1992
    </span>
    <input
      id="fileSelector"
      name="file"
      onChange={[Function]}
      style={
        Object {
          "display": "none",
        }
      }
      type="file"
    />
    <div>
      <button
        className="btn"
        onClick={[Function]}
      >
        Picture
      </button>
      <button
        className="btn"
        onClick={[Function]}
      >
        Save
      </button>
    </div>
  </div>
  <div
    className="notes__content"
  >
    <input
      autoComplete="off"
      className=" notes__title-input"
      name="title"
      onChange={[Function]}
      placeholder="The best Title"
      type="text"
      value="hola, test"
    />
    <textarea
      className="notes__text-area"
      name="body"
      onChange={[Function]}
      placeholder="What happend today ?"
      value="mundo, test"
    />
  </div>
  <button
    className=" btn btn-danger"
    onClick={[Function]}
  >
    Delete
  </button>
</div>
`;
